PROBE tzoffset=10800 dst=3600
PROBE Hawaii asked=26T18:00Z rise=26T16:20Z set=26T04:26Z
PROBE Hawaii asked=26T19:00Z rise=26T16:20Z set=26T04:26Z
PROBE Hawaii asked=26T20:00Z rise=26T16:20Z set=26T04:26Z
PROBE Hawaii asked=26T21:00Z rise=27T16:20Z set=27T04:25Z
PROBE Hawaii asked=26T22:00Z rise=27T16:20Z set=27T04:25Z
PROBE Hawaii asked=26T23:00Z rise=27T16:20Z set=27T04:25Z
PROBE Hawaii asked=27T00:00Z rise=27T16:20Z set=27T04:25Z
PROBE Hawaii asked=27T01:00Z rise=27T16:20Z set=27T04:25Z
PROBE Hawaii asked=27T02:00Z rise=27T16:20Z set=27T04:25Z
PROBE Sydney asked=26T18:00Z rise=26T19:40Z set=26T07:53Z
PROBE Sydney asked=26T19:00Z rise=26T19:40Z set=26T07:53Z
PROBE Sydney asked=26T20:00Z rise=26T19:40Z set=26T07:53Z
PROBE Sydney asked=26T21:00Z rise=27T19:38Z set=27T07:54Z
PROBE Sydney asked=26T22:00Z rise=27T19:38Z set=27T07:54Z
PROBE Sydney asked=26T23:00Z rise=27T19:38Z set=27T07:54Z
PROBE Sydney asked=27T00:00Z rise=27T19:38Z set=27T07:54Z
PROBE Sydney asked=27T01:00Z rise=27T19:38Z set=27T07:54Z
PROBE Sydney asked=27T02:00Z rise=27T19:38Z set=27T07:54Z
PROBE London asked=26T18:00Z rise=26T05:50Z set=26T17:53Z
PROBE London asked=26T19:00Z rise=26T05:50Z set=26T17:53Z
PROBE London asked=26T20:00Z rise=26T05:50Z set=26T17:53Z
PROBE London asked=26T21:00Z rise=27T05:52Z set=27T17:51Z
PROBE London asked=26T22:00Z rise=27T05:52Z set=27T17:51Z
PROBE London asked=26T23:00Z rise=27T05:52Z set=27T17:51Z
PROBE London asked=27T00:00Z rise=27T05:52Z set=27T17:51Z
PROBE London asked=27T01:00Z rise=27T05:52Z set=27T17:51Z
PROBE London asked=27T02:00Z rise=27T05:52Z set=27T17:51Z
PROBE done
