PROBE PROBE-P 26/16:32
PROBE tz=10800 dst=3600 diff=180m
PROBE Pos.getInfo null
PROBE Act.curLoc null
PROBE Wx obsLoc 38.86,-94.80 26/16:30
PROBE API rise 26/15:08 set 26/03:13
PROBE   UTC 26T12:08Z 26T00:13Z
PROBE Cmp rise 15:08 set 03:13
PROBE Cmp BB 29
PROBE BB24h n=480 bad=0 future=478
PROBE BB gap=60s oldest-first
PROBE BB 1st 88.000000 @26/16:32
PROBE BB last 5.000000 @27/00:31
PROBE PROBE-P 26/16:32
PROBE tz=10800 dst=3600 diff=180m
PROBE Pos.getInfo null
PROBE Act.curLoc null
PROBE Wx obsLoc 38.86,-94.80 26/16:30
PROBE API rise 26/15:08 set 26/03:13
PROBE   UTC 26T12:08Z 26T00:13Z
PROBE Cmp rise 15:08 set 03:13
PROBE Cmp BB 18
PROBE BB24h n=480 bad=0 future=478
PROBE BB gap=60s oldest-first
PROBE BB 1st 88.000000 @26/16:32
PROBE BB last 5.000000 @27/00:31
PROBE PROBE-P 26/16:32
PROBE tz=10800 dst=3600 diff=180m
PROBE Pos.getInfo null
PROBE Act.curLoc null
PROBE Wx obsLoc 38.86,-94.80 26/16:30
PROBE API rise 26/15:08 set 26/03:13
PROBE   UTC 26T12:08Z 26T00:13Z
PROBE Cmp rise 15:08 set 03:13
PROBE Cmp BB 15
PROBE BB24h n=480 bad=0 future=478
PROBE BB gap=60s oldest-first
PROBE BB 1st 88.000000 @26/16:32
PROBE BB last 5.000000 @27/00:31
