PROBE PROBE-N 26/16:34
PROBE tz=10800 dst=3600 diff=180m
PROBE Pos.getInfo not called
PROBE Act.curLoc null
PROBE Wx obsLoc null 26/16:30
PROBE API rise null set null
PROBE   UTC null null
PROBE Cmp rise 15:08 set 03:13
PROBE Cmp BB 29
PROBE BB24h n=480 bad=0 future=478
PROBE BB gap=60s oldest-first
PROBE BB 1st 88.000000 @26/16:34
PROBE BB last 5.000000 @27/00:33
PROBE PROBE-N 26/16:34
PROBE tz=10800 dst=3600 diff=180m
PROBE Pos.getInfo not called
PROBE Act.curLoc null
PROBE Wx obsLoc null 26/16:30
PROBE API rise null set null
PROBE   UTC null null
PROBE Cmp rise 15:08 set 03:13
PROBE Cmp BB 18
PROBE BB24h n=480 bad=0 future=478
PROBE BB gap=60s oldest-first
PROBE BB 1st 88.000000 @26/16:34
PROBE BB last 5.000000 @27/00:33
PROBE PROBE-N 26/16:34
PROBE tz=10800 dst=3600 diff=180m
PROBE Pos.getInfo not called
PROBE Act.curLoc null
PROBE Wx obsLoc null 26/16:30
PROBE API rise null set null
PROBE   UTC null null
PROBE Cmp rise 15:08 set 03:13
PROBE Cmp BB 15
PROBE BB24h n=480 bad=0 future=478
PROBE BB gap=60s oldest-first
PROBE BB 1st 88.000000 @26/16:34
PROBE BB last 5.000000 @27/00:33
PROBE PROBE-N 26/16:34
PROBE tz=10800 dst=3600 diff=180m
PROBE Pos.getInfo not called
PROBE Act.curLoc null
PROBE Wx obsLoc null 26/16:30
PROBE API rise null set null
PROBE   UTC null null
PROBE Cmp rise 15:08 set 03:13
PROBE Cmp BB 57
PROBE BB24h n=480 bad=0 future=478
PROBE BB gap=60s oldest-first
PROBE BB 1st 88.000000 @26/16:34
PROBE BB last 5.000000 @27/00:33
